AAA BBB CCC
# BEGIN ANSIBLE MANAGED BLOCK
aaa bbb ccc
# END ANSIBLE MANAGED BLOCK
