111 222 333
!!! @@@ ###
# BEGIN ANSIBLE MANAGED BLOCK
aaa bbb ccc
# END ANSIBLE MANAGED BLOCK
