# BEGIN ANSIBLE MANAGED BLOCK
iface eth0 inet static
    address 192.168.0.1
    netmask 255.255.255.0
# END ANSIBLE MANAGED BLOCK
