<h1>111 222 333</h1>
<!-- BEGIN ANSIBLE MANAGED BLOCK -->
<h2>aaa bbb ccc</h2>
<h2>AAA BBB CCC</h2>
<!-- END ANSIBLE MANAGED BLOCK -->
