111 222 333
# BEGIN ANSIBLE MANAGED BLOCK
aaa bbb ccc
AAA BBB CCC
# END ANSIBLE MANAGED BLOCK
!!! @@@ ###
